// Jest Snapshot v1, https://goo.gl/fbAQLP

exports[`EpisodePage must render data 1`] = `
<div
  className="bg-white shadow overflow-hidden sm:rounded-lg max-w-2xl mx-auto mt-16"
>
  <div
    className="px-4 py-2 flex justify-between"
  >
    <h3
      className="text-lg leading-6 font-medium text-gray-900 mt-3"
    >
      Episode info
    </h3>
    <button
      className="py-1 px-4 rounded my-2 mx-1 bg-gray-200 hover:bg-gray-400 text-black"
      onClick={[Function]}
    >
      Go To Season List
    </button>
  </div>
  <div
    className="border-t border-gray-200"
  >
    <dl>
      <div
        className="px-4 py-5 sm:grid sm:grid-cols-3 sm:gap-4 sm:px-6"
      >
        <dt
          className="text-sm font-medium text-gray-500"
        >
          air date
        </dt>
        <dd
          className="mt-1 text-sm text-gray-900 sm:mt-0 sm:col-span-2"
        >
          03-02-2015
        </dd>
      </div>
      <div
        className="px-4 py-5 sm:grid sm:grid-cols-3 sm:gap-4 sm:px-6"
      >
        <dt
          className="text-sm font-medium text-gray-500"
        >
          episode
        </dt>
        <dd
          className="mt-1 text-sm text-gray-900 sm:mt-0 sm:col-span-2"
        >
          5
        </dd>
      </div>
      <div
        className="px-4 py-5 sm:grid sm:grid-cols-3 sm:gap-4 sm:px-6"
      >
        <dt
          className="text-sm font-medium text-gray-500"
        >
          season
        </dt>
        <dd
          className="mt-1 text-sm text-gray-900 sm:mt-0 sm:col-span-2"
        >
          1
        </dd>
      </div>
      <div
        className="px-4 py-5 sm:grid sm:grid-cols-3 sm:gap-4 sm:px-6"
      >
        <dt
          className="text-sm font-medium text-gray-500"
        >
          series
        </dt>
        <dd
          className="mt-1 text-sm text-gray-900 sm:mt-0 sm:col-span-2"
        >
          Better Call Saul
        </dd>
      </div>
      <div
        className="px-4 py-5 sm:grid sm:grid-cols-3 sm:gap-4 sm:px-6"
      >
        <dt
          className="text-sm font-medium text-gray-500"
        >
          title
        </dt>
        <dd
          className="mt-1 text-sm text-gray-900 sm:mt-0 sm:col-span-2"
        >
          Alpine Shepherd Boy
        </dd>
      </div>
      <div
        className="bg-white px-4 py-5 sm:grid sm:grid-cols-3 sm:gap-4 sm:px-6"
      >
        <dt
          className="text-sm font-medium text-gray-500"
        >
          Characters
        </dt>
        <dd
          className="mt-1 text-sm text-gray-900 sm:mt-0 sm:col-span-2"
        >
          <ul
            className="rounded-md"
          >
            <li
              className="pl-3 pr-4 py-3 flex items-center justify-between text-sm"
            >
              <div
                className="w-0 flex-1 flex items-center"
              >
                <a
                  className="font-medium text-indigo-600"
                  onClick={[Function]}
                >
                  <span
                    className="ml-2"
                  >
                    Jimmy McGill
                  </span>
                </a>
              </div>
            </li>
            <li
              className="pl-3 pr-4 py-3 flex items-center justify-between text-sm"
            >
              <div
                className="w-0 flex-1 flex items-center"
              >
                <a
                  className="font-medium text-indigo-600"
                  onClick={[Function]}
                >
                  <span
                    className="ml-2"
                  >
                    Mike Erhmantraut
                  </span>
                </a>
              </div>
            </li>
            <li
              className="pl-3 pr-4 py-3 flex items-center justify-between text-sm"
            >
              <div
                className="w-0 flex-1 flex items-center"
              >
                <a
                  className="font-medium text-indigo-600"
                  onClick={[Function]}
                >
                  <span
                    className="ml-2"
                  >
                    Kim Wexler
                  </span>
                </a>
              </div>
            </li>
            <li
              className="pl-3 pr-4 py-3 flex items-center justify-between text-sm"
            >
              <div
                className="w-0 flex-1 flex items-center"
              >
                <a
                  className="font-medium text-indigo-600"
                  onClick={[Function]}
                >
                  <span
                    className="ml-2"
                  >
                    Howard Hamlin
                  </span>
                </a>
              </div>
            </li>
            <li
              className="pl-3 pr-4 py-3 flex items-center justify-between text-sm"
            >
              <div
                className="w-0 flex-1 flex items-center"
              >
                <a
                  className="font-medium text-indigo-600"
                  onClick={[Function]}
                >
                  <span
                    className="ml-2"
                  >
                    Chuck McGill
                  </span>
                </a>
              </div>
            </li>
            <li
              className="pl-3 pr-4 py-3 flex items-center justify-between text-sm"
            >
              <div
                className="w-0 flex-1 flex items-center"
              >
                <a
                  className="font-medium text-indigo-600"
                  onClick={[Function]}
                >
                  <span
                    className="ml-2"
                  >
                    Nacho Varga
                  </span>
                </a>
              </div>
            </li>
          </ul>
        </dd>
      </div>
    </dl>
  </div>
</div>
`;

exports[`EpisodePage must render loading 1`] = `"Loading in progress"`;
